Archive member included to satisfy reference by file (symbol)

c:/program files (x86)/atollic/truestudio for stm32 9.0.0/armtools/bin/../lib/gcc/arm-atollic-eabi/6.3.1/../../../../arm-atollic-eabi/lib/armv7e-m/fpu\libc_nano.a(lib_a-errno.o)
                              Src\syscalls.o (__errno)
c:/program files (x86)/atollic/truestudio for stm32 9.0.0/armtools/bin/../lib/gcc/arm-atollic-eabi/6.3.1/../../../../arm-atollic-eabi/lib/armv7e-m/fpu\libc_nano.a(lib_a-impure.o)
                              c:/program files (x86)/atollic/truestudio for stm32 9.0.0/armtools/bin/../lib/gcc/arm-atollic-eabi/6.3.1/../../../../arm-atollic-eabi/lib/armv7e-m/fpu\libc_nano.a(lib_a-errno.o) (_impure_ptr)
c:/program files (x86)/atollic/truestudio for stm32 9.0.0/armtools/bin/../lib/gcc/arm-atollic-eabi/6.3.1/../../../../arm-atollic-eabi/lib/armv7e-m/fpu\libc_nano.a(lib_a-init.o)
                              startup\startup_stm32f407xx.o (__libc_init_array)
c:/program files (x86)/atollic/truestudio for stm32 9.0.0/armtools/bin/../lib/gcc/arm-atollic-eabi/6.3.1/../../../../arm-atollic-eabi/lib/armv7e-m/fpu\libc_nano.a(lib_a-memset.o)
                              Src\main.o (memset)
c:/program files (x86)/atollic/truestudio for stm32 9.0.0/armtools/bin/../lib/gcc/arm-atollic-eabi/6.3.1/armv7e-m/fpu\libgcc.a(_aeabi_uldivmod.o)
                              Drivers\STM32F4xx_HAL_Driver\Src\stm32f4xx_hal_rcc.o (__aeabi_uldivmod)
c:/program files (x86)/atollic/truestudio for stm32 9.0.0/armtools/bin/../lib/gcc/arm-atollic-eabi/6.3.1/armv7e-m/fpu\libgcc.a(_udivmoddi4.o)
                              c:/program files (x86)/atollic/truestudio for stm32 9.0.0/armtools/bin/../lib/gcc/arm-atollic-eabi/6.3.1/armv7e-m/fpu\libgcc.a(_aeabi_uldivmod.o) (__udivmoddi4)
c:/program files (x86)/atollic/truestudio for stm32 9.0.0/armtools/bin/../lib/gcc/arm-atollic-eabi/6.3.1/armv7e-m/fpu\libgcc.a(_dvmd_tls.o)
                              c:/program files (x86)/atollic/truestudio for stm32 9.0.0/armtools/bin/../lib/gcc/arm-atollic-eabi/6.3.1/armv7e-m/fpu\libgcc.a(_aeabi_uldivmod.o) (__aeabi_ldiv0)

Allocating common symbols
Common symbol       size              file

sign                0x73              Src\msgParse.o
adcVal2             0x1               Src\utility.o
sideNo1             0x1               Src\utility.o
sideNo1N            0x1               Src\utility.o
htim4               0x40              Src\main.o
data1               0x11              Src\modem.o
TimingDelay3        0x4               Src\main.o
huart3              0x40              Src\main.o
RecMsg4             0xfa              Src\laser.o
sideNo4             0x1               Src\utility.o
hadc2               0x48              Src\main.o
htim10              0x40              Src\main.o
hcrc                0x8               Src\laser.o
LaserPinState       0x4               Src\laser.o
string              0xe1              Src\msgParse.o
uwTick              0x4               Drivers\STM32F4xx_HAL_Driver\Src\stm32f4xx_hal.o
pFlash              0x20              Drivers\STM32F4xx_HAL_Driver\Src\stm32f4xx_hal_flash.o
msgUnPrcd4          0x4               Src\main.o
htim5               0x40              Src\main.o
pedestrain          0x2               Src\laser.o
htim3               0x40              Src\main.o
state               0x4               Src\modem.o
TimingDelay         0x4               Src\main.o
RecMsg2             0xfa              Src\stm32f4xx_it.o
sideNo              0x4               Src\laser.o
sideGreen           0x4               Src\laser.o
RecMsg3             0xfa              Src\stm32f4xx_it.o
hadc1               0x48              Src\main.o
msgUnPrcd           0x4               Src\main.o
cntVal              0x4               Src\modem.o
crcstring           0x4               Src\main.o
aRxBuffer3          0xe1              Src\main.o
sideNo2             0x1               Src\utility.o
RecMsg1             0xfa              Src\stm32f4xx_it.o
Disp                0x1e              Src\laser.o
htim13              0x40              Src\main.o
huart1              0x40              Src\main.o
htim11              0x40              Src\main.o
Data                0x64              Src\main.o
pinValue1           0x1               Src\utility.o
crcbits             0x4               Src\main.o
AdcVal              0x44              Src\main.o
TimingDelay2        0x4               Src\main.o
TimingDelay5        0x4               Src\main.o
data                0xc8              Src\laser.o
clearanceMode       0x4               Src\modem.o
noOfPlansNew        0x4               Src\modem.o
CRCValue            0x4               Src\main.o
msgUnPrcd3          0x4               Src\main.o
planNo              0x1               Src\modem.o
aRxBuffer1          0xe1              Src\main.o
sideNo3             0x1               Src\utility.o
frame               0x64              Src\modem.o
huart6              0x40              Src\main.o
[...]
Memory Configuration

Name             Origin             Length             Attributes
RAM              0x20000000         0x00020000         xrw
CCMRAM           0x10000000         0x00010000         rw
FLASH            0x08000000         0x00080000         xr
*default*        0x00000000         0xffffffff

Linker script and memory map

LOAD c:/program files (x86)/atollic/truestudio for stm32 9.0.0/armtools/bin/../lib/gcc/arm-atollic-eabi/6.3.1/armv7e-m/fpu/crti.o
LOAD c:/program files (x86)/atollic/truestudio for stm32 9.0.0/armtools/bin/../lib/gcc/arm-atollic-eabi/6.3.1/armv7e-m/fpu/crtbegin.o
LOAD Drivers\STM32F4xx_HAL_Driver\Src\stm32f4xx_hal.o
LOAD Drivers\STM32F4xx_HAL_Driver\Src\stm32f4xx_hal_adc.o
LOAD Drivers\STM32F4xx_HAL_Driver\Src\stm32f4xx_hal_adc_ex.o
LOAD Drivers\STM32F4xx_HAL_Driver\Src\stm32f4xx_hal_cortex.o
LOAD Drivers\STM32F4xx_HAL_Driver\Src\stm32f4xx_hal_crc.o
LOAD Drivers\STM32F4xx_HAL_Driver\Src\stm32f4xx_hal_dma.o
LOAD Drivers\STM32F4xx_HAL_Driver\Src\stm32f4xx_hal_dma_ex.o
LOAD Drivers\STM32F4xx_HAL_Driver\Src\stm32f4xx_hal_exti.o
LOAD Drivers\STM32F4xx_HAL_Driver\Src\stm32f4xx_hal_flash.o
LOAD Drivers\STM32F4xx_HAL_Driver\Src\stm32f4xx_hal_flash_ex.o
LOAD Drivers\STM32F4xx_HAL_Driver\Src\stm32f4xx_hal_flash_ramfunc.o
LOAD Drivers\STM32F4xx_HAL_Driver\Src\stm32f4xx_hal_gpio.o
LOAD Drivers\STM32F4xx_HAL_Driver\Src\stm32f4xx_hal_pwr.o
LOAD Drivers\STM32F4xx_HAL_Driver\Src\stm32f4xx_hal_pwr_ex.o
LOAD Drivers\STM32F4xx_HAL_Driver\Src\stm32f4xx_hal_rcc.o
LOAD Drivers\STM32F4xx_HAL_Driver\Src\stm32f4xx_hal_rcc_ex.o
LOAD Drivers\STM32F4xx_HAL_Driver\Src\stm32f4xx_hal_tim.o
LOAD Drivers\STM32F4xx_HAL_Driver\Src\stm32f4xx_hal_tim_ex.o
LOAD Drivers\STM32F4xx_HAL_Driver\Src\stm32f4xx_hal_uart.o
LOAD Src\laser.o
LOAD Src\main.o
LOAD Src\modem.o
LOAD Src\msgParse.o
LOAD Src\stm32f4xx_hal_msp.o
LOAD Src\stm32f4xx_it.o
LOAD Src\syscalls.o
LOAD Src\system_stm32f4xx.o
LOAD Src\utility.o
LOAD startup\startup_stm32f407xx.o
                0x00000080                malloc_getpagesize_P = 0x80
START GROUP
LOAD c:/program files (x86)/atollic/truestudio for stm32 9.0.0/armtools/bin/../lib/gcc/arm-atollic-eabi/6.3.1/../../../../arm-atollic-eabi/lib/armv7e-m/fpu\libc_nano.a
LOAD c:/program files (x86)/atollic/truestudio for stm32 9.0.0/armtools/bin/../lib/gcc/arm-atollic-eabi/6.3.1/../../../../arm-atollic-eabi/lib/armv7e-m/fpu\libm.a
END GROUP
START GROUP
LOAD c:/program files (x86)/atollic/truestudio for stm32 9.0.0/armtools/bin/../lib/gcc/arm-atollic-eabi/6.3.1/armv7e-m/fpu\libgcc.a
LOAD c:/program files (x86)/atollic/truestudio for stm32 9.0.0/armtools/bin/../lib/gcc/arm-atollic-eabi/6.3.1/../../../../arm-atollic-eabi/lib/armv7e-m/fpu\libc_nano.a
END GROUP
START GROUP
LOAD c:/program files (x86)/atollic/truestudio for stm32 9.0.0/armtools/bin/../lib/gcc/arm-atollic-eabi/6.3.1/armv7e-m/fpu\libgcc.a
LOAD c:/program files (x86)/atollic/truestudio for stm32 9.0.0/armtools/bin/../lib/gcc/arm-atollic-eabi/6.3.1/../../../../arm-atollic-eabi/lib/armv7e-m/fpu\libc_nano.a
LOAD c:/program files (x86)/atollic/truestudio for stm32 9.0.0/armtools/bin/../lib/gcc/arm-atollic-eabi/6.3.1/../../../../arm-atollic-eabi/lib/armv7e-m/fpu\libnosys.a
END GROUP
START GROUP
LOAD c:/program files (x86)/atollic/truestudio for stm32 9.0.0/armtools/bin/../lib/gcc/arm-atollic-eabi/6.3.1/armv7e-m/fpu\libgcc.a
LOAD c:/program files (x86)/atollic/truestudio for stm32 9.0.0/armtools/bin/../lib/gcc/arm-atollic-eabi/6.3.1/../../../../arm-atollic-eabi/lib/armv7e-m/fpu\libc_nano.a
LOAD c:/program files (x86)/atollic/truestudio for stm32 9.0.0/armtools/bin/../lib/gcc/arm-atollic-eabi/6.3.1/../../../../arm-atollic-eabi/lib/armv7e-m/fpu\libnosys.a
END GROUP
LOAD c:/program files (x86)/atollic/truestudio for stm32 9.0.0/armtools/bin/../lib/gcc/arm-atollic-eabi/6.3.1/armv7e-m/fpu/crtend.o
LOAD c:/program files (x86)/atollic/truestudio for stm32 9.0.0/armtools/bin/../lib/gcc/arm-atollic-eabi/6.3.1/armv7e-m/fpu/crtn.o
                0x20020000                _estack = 0x20020000
                0x00000200                _Min_Heap_Size = 0x200
                0x00000400                _Min_Stack_Size = 0x400

.isr_vector     0x08000000      0x188
                0x08000000                . = ALIGN (0x4)
 *(.isr_vector)
 .isr_vector    0x08000000      0x188 startup\startup_stm32f407xx.o
                0x08000000                g_pfnVectors
                0x08000188                . = ALIGN (0x4)

.text           0x08000188     0x374c
                0x08000188                . = ALIGN (0x4)
 *(.text)
 .text          0x08000188       0x40 c:/program files (x86)/atollic/truestudio for stm32 9.0.0/armtools/bin/../lib/gcc/arm-atollic-eabi/6.3.1/armv7e-m/fpu/crtbegin.o
 .text          0x080001c8       0x30 c:/program files (x86)/atollic/truestudio for stm32 9.0.0/armtools/bin/../lib/gcc/arm-atollic-eabi/6.3.1/armv7e-m/fpu\libgcc.a(_aeabi_uldivmod.o)
                0x080001c8                __aeabi_uldivmod
 .text          0x080001f8      0x2dc c:/program files (x86)/atollic/truestudio for stm32 9.0.0/armtools/bin/../lib/gcc/arm-atollic-eabi/6.3.1/armv7e-m/fpu\libgcc.a(_udivmoddi4.o)
                0x080001f8                __udivmoddi4
 .text          0x080004d4        0x4 c:/program files (x86)/atollic/truestudio for stm32 9.0.0/armtools/bin/../lib/gcc/arm-atollic-eabi/6.3.1/armv7e-m/fpu\libgcc.a(_dvmd_tls.o)
                0x080004d4                __aeabi_idiv0
                0x080004d4                __aeabi_ldiv0
 *(.text*)
 .text.HAL_InitTick
                0x080004d8       0x48 Drivers\STM32F4xx_HAL_Driver\Src\stm32f4xx_hal.o
                0x080004d8                HAL_InitTick
 .text.HAL_Init
                0x08000520       0x34 Drivers\STM32F4xx_HAL_Driver\Src\stm32f4xx_hal.o
                0x08000520                HAL_Init
 .text.HAL_IncTick
                0x08000554       0x18 Drivers\STM32F4xx_HAL_Driver\Src\stm32f4xx_hal.o
                0x08000554                HAL_IncTick
 .text.HAL_GetTick
                0x0800056c        0xc Drivers\STM32F4xx_HAL_Driver\Src\stm32f4xx_hal.o
                0x0800056c                HAL_GetTick
 .text.HAL_ADC_Init
                0x08000578      0x14c Drivers\STM32F4xx_HAL_Driver\Src\stm32f4xx_hal_adc.o
                0x08000578                HAL_ADC_Init
 .text.HAL_ADC_Start
                0x080006c4       0xec Drivers\STM32F4xx_HAL_Driver\Src\stm32f4xx_hal_adc.o
                0x080006c4                HAL_ADC_Start
 .text.HAL_ADC_PollForConversion
                0x080007b0       0xa0 Drivers\STM32F4xx_HAL_Driver\Src\stm32f4xx_hal_adc.o
                0x080007b0                HAL_ADC_PollForConversion
 .text.HAL_ADC_GetValue
                0x08000850        0x6 Drivers\STM32F4xx_HAL_Driver\Src\stm32f4xx_hal_adc.o
                0x08000850                HAL_ADC_GetValue
 *fill*         0x08000856        0x2 
 .text.HAL_ADC_ConfigChannel
                0x08000858      0x12c Drivers\STM32F4xx_HAL_Driver\Src\stm32f4xx_hal_adc.o
                0x08000858                HAL_ADC_ConfigChannel
 .text.HAL_NVIC_SetPriorityGrouping
                0x08000984       0x24 Drivers\STM32F4xx_HAL_Driver\Src\stm32f4xx_hal_cortex.o
                0x08000984                HAL_NVIC_SetPriorityGrouping
 .text.HAL_NVIC_SetPriority
                0x080009a8       0x68 Drivers\STM32F4xx_HAL_Driver\Src\stm32f4xx_hal_cortex.o
                0x080009a8                HAL_NVIC_SetPriority
 .text.HAL_NVIC_EnableIRQ
                0x08000a10       0x1c Drivers\STM32F4xx_HAL_Driver\Src\stm32f4xx_hal_cortex.o
                0x08000a10                HAL_NVIC_EnableIRQ
 .text.HAL_SYSTICK_Config
                0x08000a2c       0x2c Drivers\STM32F4xx_HAL_Driver\Src\stm32f4xx_hal_cortex.o
                0x08000a2c                HAL_SYSTICK_Config
 .text.HAL_CRC_Init
                0x08000a58       0x24 Drivers\STM32F4xx_HAL_Driver\Src\stm32f4xx_hal_crc.o
                0x08000a58                HAL_CRC_Init
 .text.HAL_CRC_Calculate
                0x08000a7c       0x2a Drivers\STM32F4xx_HAL_Driver\Src\stm32f4xx_hal_crc.o
                0x08000a7c                HAL_CRC_Calculate
 .text.HAL_DMA_Abort_IT
                0x08000aa6       0x24 Drivers\STM32F4xx_HAL_Driver\Src\stm32f4xx_hal_dma.o
                0x08000aa6                HAL_DMA_Abort_IT
 *fill*         0x08000aca        0x2 
 .text.HAL_GPIO_Init
                0x08000acc      0x1c0 Drivers\STM32F4xx_HAL_Driver\Src\stm32f4xx_hal_gpio.o
                0x08000acc                HAL_GPIO_Init
 .text.HAL_GPIO_ReadPin
                0x08000c8c        0xc Drivers\STM32F4xx_HAL_Driver\Src\stm32f4xx_hal_gpio.o
                0x08000c8c                HAL_GPIO_ReadPin
 .text.HAL_GPIO_WritePin
                0x08000c98        0xa Drivers\STM32F4xx_HAL_Driver\Src\stm32f4xx_hal_gpio.o
                0x08000c98                HAL_GPIO_WritePin
 .text.HAL_GPIO_TogglePin
                0x08000ca2        0xe Drivers\STM32F4xx_HAL_Driver\Src\stm32f4xx_hal_gpio.o
                0x08000ca2                HAL_GPIO_TogglePin
 .text.HAL_RCC_OscConfig
                0x08000cb0      0x304 Drivers\STM32F4xx_HAL_Driver\Src\stm32f4xx_hal_rcc.o
                0x08000cb0                HAL_RCC_OscConfig
 .text.HAL_RCC_GetSysClockFreq
                0x08000fb4       0x5c Drivers\STM32F4xx_HAL_Driver\Src\stm32f4xx_hal_rcc.o
                0x08000fb4                HAL_RCC_GetSysClockFreq
 .text.HAL_RCC_ClockConfig
                0x08001010      0x134 Drivers\STM32F4xx_HAL_Driver\Src\stm32f4xx_hal_rcc.o
                0x08001010                HAL_RCC_ClockConfig
 .text.HAL_RCC_GetPCLK1Freq
                0x08001144       0x20 Drivers\STM32F4xx_HAL_Driver\Src\stm32f4xx_hal_rcc.o
                0x08001144                HAL_RCC_GetPCLK1Freq
 .text.HAL_RCC_GetPCLK2Freq
                0x08001164       0x20 Drivers\STM32F4xx_HAL_Driver\Src\stm32f4xx_hal_rcc.o
                0x08001164                HAL_RCC_GetPCLK2Freq
 .text.TIM_OC1_SetConfig
                0x08001184       0x64 Drivers\STM32F4xx_HAL_Driver\Src\stm32f4xx_hal_tim.o
 .text.TIM_OC3_SetConfig
                0x080011e8       0x6c Drivers\STM32F4xx_HAL_Driver\Src\stm32f4xx_hal_tim.o
 .text.TIM_OC4_SetConfig
                0x08001254       0x4c Drivers\STM32F4xx_HAL_Driver\Src\stm32f4xx_hal_tim.o
 .text.HAL_TIM_OnePulse_MspInit
                0x080012a0        0x2 Drivers\STM32F4xx_HAL_Driver\Src\stm32f4xx_hal_tim.o
                0x080012a0                HAL_TIM_OnePulse_MspInit
 *fill*         0x080012a2        0x2 
 .text.TIM_Base_SetConfig
                0x080012a4       0xcc Drivers\STM32F4xx_HAL_Driver\Src\stm32f4xx_hal_tim.o
                0x080012a4                TIM_Base_SetConfig
 .text.HAL_TIM_Base_Init
                0x08001370       0x34 Drivers\STM32F4xx_HAL_Driver\Src\stm32f4xx_hal_tim.o
                0x08001370                HAL_TIM_Base_Init
 .text.HAL_TIM_PWM_Init
                0x080013a4       0x34 Drivers\STM32F4xx_HAL_Driver\Src\stm32f4xx_hal_tim.o
                0x080013a4                HAL_TIM_PWM_Init
 .text.HAL_TIM_OnePulse_Init
                0x080013d8       0x46 Drivers\STM32F4xx_HAL_Driver\Src\stm32f4xx_hal_tim.o
                0x080013d8                HAL_TIM_OnePulse_Init
 *fill*         0x0800141e        0x2 
 .text.TIM_OC2_SetConfig
                0x08001420       0x6c Drivers\STM32F4xx_HAL_Driver\Src\stm32f4xx_hal_tim.o
                0x08001420                TIM_OC2_SetConfig
 .text.HAL_TIM_PWM_ConfigChannel
                0x0800148c       0xc4 Drivers\STM32F4xx_HAL_Driver\Src\stm32f4xx_hal_tim.o
                0x0800148c                HAL_TIM_PWM_ConfigChannel
 .text.TIM_CCxChannelCmd
                0x08001550       0x1c Drivers\STM32F4xx_HAL_Driver\Src\stm32f4xx_hal_tim.o
                0x08001550                TIM_CCxChannelCmd
 .text.HAL_TIM_PWM_Start
                0x0800156c       0x40 Drivers\STM32F4xx_HAL_Driver\Src\stm32f4xx_hal_tim.o
                0x0800156c                HAL_TIM_PWM_Start
 .text.HAL_TIM_PWM_Stop
                0x080015ac       0x64 Drivers\STM32F4xx_HAL_Driver\Src\stm32f4xx_hal_tim.o
                0x080015ac                HAL_TIM_PWM_Stop
 .text.HAL_TIMEx_MasterConfigSynchronization
                0x08001610       0x3c Drivers\STM32F4xx_HAL_Driver\Src\stm32f4xx_hal_tim_ex.o
                0x08001610                HAL_TIMEx_MasterConfigSynchronization
 .text.UART_EndRxTransfer
                0x0800164c       0x1a Drivers\STM32F4xx_HAL_Driver\Src\stm32f4xx_hal_uart.o
 *fill*         0x08001666        0x2 
 .text.UART_SetConfig
                0x08001668      0x234 Drivers\STM32F4xx_HAL_Driver\Src\stm32f4xx_hal_uart.o
 .text.UART_WaitOnFlagUntilTimeout.constprop.3
                0x0800189c       0x50 Drivers\STM32F4xx_HAL_Driver\Src\stm32f4xx_hal_uart.o
 .text.HAL_UART_Init
                0x080018ec       0x5c Drivers\STM32F4xx_HAL_Driver\Src\stm32f4xx_hal_uart.o
                0x080018ec                HAL_UART_Init
 .text.HAL_UART_Transmit
                0x08001948       0xba Drivers\STM32F4xx_HAL_Driver\Src\stm32f4xx_hal_uart.o
                0x08001948                HAL_UART_Transmit
 .text.HAL_UART_Receive_IT
                0x08001a02       0x4e Drivers\STM32F4xx_HAL_Driver\Src\stm32f4xx_hal_uart.o
                0x08001a02                HAL_UART_Receive_IT
 .text.HAL_UART_TxCpltCallback
                0x08001a50        0x2 Drivers\STM32F4xx_HAL_Driver\Src\stm32f4xx_hal_uart.o
                0x08001a50                HAL_UART_TxCpltCallback
 .text.HAL_UART_RxCpltCallback
                0x08001a52        0x2 Drivers\STM32F4xx_HAL_Driver\Src\stm32f4xx_hal_uart.o
                0x08001a52                HAL_UART_RxCpltCallback
 .text.UART_Receive_IT
                0x08001a54       0x7c Drivers\STM32F4xx_HAL_Driver\Src\stm32f4xx_hal_uart.o
 .text.HAL_UART_ErrorCallback
                0x08001ad0        0x2 Drivers\STM32F4xx_HAL_Driver\Src\stm32f4xx_hal_uart.o
                0x08001ad0                HAL_UART_ErrorCallback
 *fill*         0x08001ad2        0x2 
 .text.HAL_UART_IRQHandler
                0x08001ad4      0x140 Drivers\STM32F4xx_HAL_Driver\Src\stm32f4xx_hal_uart.o
                0x08001ad4                HAL_UART_IRQHandler
 .text.UART_DMAAbortOnError
                0x08001c14       0x10 Drivers\STM32F4xx_HAL_Driver\Src\stm32f4xx_hal_uart.o
 .text.transferRecValuesToData
                0x08001c24       0x20 Src\laser.o
                0x08001c24                transferRecValuesToData
 .text.transferRecValuesToDataRecMsg2
                0x08001c44       0x20 Src\laser.o
                0x08001c44                transferRecValuesToDataRecMsg2
 .text.clearingFrameBuffer
                0x08001c64       0x14 Src\laser.o
                0x08001c64                clearingFrameBuffer
 .text.function10
                0x08001c78      0x128 Src\laser.o
                0x08001c78                function10
 .text.slaveSelection
                0x08001da0       0x90 Src\laser.o
                0x08001da0                slaveSelection
 .text.setPWM.isra.0.constprop.1
                0x08001e30       0x40 Src\main.o
 .text.SystemClock_Config
                0x08001e70       0x84 Src\main.o
                0x08001e70                SystemClock_Config
 .text.TimingDelay_Decrement
                0x08001ef4       0x10 Src\main.o
                0x08001ef4                TimingDelay_Decrement
 .text.TimingDelay_Decrement1
                0x08001f04       0x10 Src\main.o
                0x08001f04                TimingDelay_Decrement1
 .text.TimingDelay_Decrement3
                0x08001f14       0x10 Src\main.o
                0x08001f14                TimingDelay_Decrement3
 .text.TimingDelay_Decrement4
                0x08001f24       0x10 Src\main.o
                0x08001f24                TimingDelay_Decrement4
 .text.TimingDelay_Decrement5
                0x08001f34       0x10 Src\main.o
                0x08001f34                TimingDelay_Decrement5
 .text.setPWMPin
                0x08001f44      0x198 Src\main.o
                0x08001f44                setPWMPin
 .text.startup.main
                0x080020dc      0x840 Src\main.o
                0x080020dc                main
 .text.SetAdcChannel
                0x0800291c       0x24 Src\main.o
                0x0800291c                SetAdcChannel
 .text.clearBuffer
                0x08002940       0x14 Src\modem.o
                0x08002940                clearBuffer
 .text.clearaRxBuffer
                0x08002954       0x14 Src\modem.o
                0x08002954                clearaRxBuffer
 .text.clearBuffer4
                0x08002968       0x14 Src\modem.o
                0x08002968                clearBuffer4
 .text.clearaRxBuffer4
                0x0800297c       0x14 Src\modem.o
                0x0800297c                clearaRxBuffer4
 .text.byteToIntegerVal
                0x08002990       0x20 Src\modem.o
                0x08002990                byteToIntegerVal
 .text.intToByte
                0x080029b0       0x3c Src\modem.o
                0x080029b0                intToByte
 .text.clearStringNsign
                0x080029ec       0x1c Src\msgParse.o
                0x080029ec                clearStringNsign
 .text.msgParse
                0x08002a08       0xc0 Src\msgParse.o
                0x08002a08                msgParse
 .text.HAL_MspInit
                0x08002ac8       0x38 Src\stm32f4xx_hal_msp.o
                0x08002ac8                HAL_MspInit
 .text.HAL_ADC_MspInit
                0x08002b00       0xa0 Src\stm32f4xx_hal_msp.o
                0x08002b00                HAL_ADC_MspInit
 .text.HAL_CRC_MspInit
                0x08002ba0       0x30 Src\stm32f4xx_hal_msp.o
                0x08002ba0                HAL_CRC_MspInit
 .text.HAL_TIM_PWM_MspInit
                0x08002bd0       0x98 Src\stm32f4xx_hal_msp.o
                0x08002bd0                HAL_TIM_PWM_MspInit
 .text.HAL_TIM_Base_MspInit
                0x08002c68       0x9c Src\stm32f4xx_hal_msp.o
                0x08002c68                HAL_TIM_Base_MspInit
 .text.HAL_TIM_MspPostInit
                0x08002d04      0x15c Src\stm32f4xx_hal_msp.o
                0x08002d04                HAL_TIM_MspPostInit
 .text.HAL_UART_MspInit
                0x08002e60      0x1e0 Src\stm32f4xx_hal_msp.o
                0x08002e60                HAL_UART_MspInit
 .text.NMI_Handler
                0x08003040        0x2 Src\stm32f4xx_it.o
                0x08003040                NMI_Handler
 .text.HardFault_Handler
                0x08003042        0x2 Src\stm32f4xx_it.o
                0x08003042                HardFault_Handler
 .text.MemManage_Handler
                0x08003044        0x2 Src\stm32f4xx_it.o
                0x08003044                MemManage_Handler
 .text.BusFault_Handler
                0x08003046        0x2 Src\stm32f4xx_it.o
                0x08003046                BusFault_Handler
 .text.UsageFault_Handler
                0x08003048        0x2 Src\stm32f4xx_it.o
                0x08003048                UsageFault_Handler
 .text.SVC_Handler
                0x0800304a        0x2 Src\stm32f4xx_it.o
                0x0800304a                SVC_Handler
 .text.DebugMon_Handler
                0x0800304c        0x2 Src\stm32f4xx_it.o
                0x0800304c                DebugMon_Handler
 .text.PendSV_Handler
                0x0800304e        0x2 Src\stm32f4xx_it.o
                0x0800304e                PendSV_Handler
 .text.SysTick_Handler
                0x08003050       0xcc Src\stm32f4xx_it.o
                0x08003050                SysTick_Handler
 .text.USART1_IRQHandler
                0x0800311c       0x54 Src\stm32f4xx_it.o
                0x0800311c                USART1_IRQHandler
 .text.USART2_IRQHandler
                0x08003170       0x5c Src\stm32f4xx_it.o
                0x08003170                USART2_IRQHandler
 .text.USART3_IRQHandler
                0x080031cc       0x54 Src\stm32f4xx_it.o
                0x080031cc                USART3_IRQHandler
 .text.USART6_IRQHandler
                0x08003220       0x54 Src\stm32f4xx_it.o
                0x08003220                USART6_IRQHandler
 .text.SystemInit
                0x08003274       0x4c Src\system_stm32f4xx.o
                0x08003274                SystemInit
 .text.checkSide
                0x080032c0       0x6c Src\utility.o
                0x080032c0                checkSide
 .text.checkFeedback
                0x0800332c      0x418 Src\utility.o
                0x0800332c                checkFeedback
 .text.offAll   0x08003744       0xcc Src\utility.o
                0x08003744                offAll
 .text.Reset_Handler
                0x08003810       0x50 startup\startup_stm32f407xx.o
                0x08003810                Reset_Handler
 .text.Default_Handler
                0x08003860        0x2 startup\startup_stm32f407xx.o
                0x08003860                RTC_Alarm_IRQHandler
                0x08003860                HASH_RNG_IRQHandler
                0x08003860                EXTI2_IRQHandler
                0x08003860                TIM8_CC_IRQHandler
                0x08003860                TIM1_CC_IRQHandler
                0x08003860                DMA2_Stream5_IRQHandler
                0x08003860                DMA1_Stream5_IRQHandler
                0x08003860                PVD_IRQHandler
                0x08003860                SDIO_IRQHandler
                0x08003860                TAMP_STAMP_IRQHandler
                0x08003860                CAN2_RX1_IRQHandler
                0x08003860                EXTI3_IRQHandler
                0x08003860                TIM8_TRG_COM_TIM14_IRQHandler
                0x08003860                TIM1_UP_TIM10_IRQHandler
                0x08003860                TIM8_UP_TIM13_IRQHandler
                0x08003860                I2C3_ER_IRQHandler
                0x08003860                EXTI0_IRQHandler
                0x08003860                I2C2_EV_IRQHandler
                0x08003860                DMA1_Stream2_IRQHandler
                0x08003860                CAN1_RX0_IRQHandler
                0x08003860                FPU_IRQHandler
                0x08003860                OTG_HS_WKUP_IRQHandler
                0x08003860                CAN2_SCE_IRQHandler
                0x08003860                DMA2_Stream2_IRQHandler
                0x08003860                SPI1_IRQHandler
                0x08003860                TIM6_DAC_IRQHandler
                0x08003860                TIM1_BRK_TIM9_IRQHandler
                0x08003860                DCMI_IRQHandler
                0x08003860                CAN2_RX0_IRQHandler
                0x08003860                DMA2_Stream3_IRQHandler
                0x08003860                CAN1_RX1_IRQHandler
                0x08003860                UART5_IRQHandler
                0x08003860                DMA2_Stream0_IRQHandler
                0x08003860                TIM4_IRQHandler
                0x08003860                I2C1_EV_IRQHandler
                0x08003860                DMA1_Stream6_IRQHandler
                0x08003860                DMA1_Stream1_IRQHandler
                0x08003860                UART4_IRQHandler
                0x08003860                TIM3_IRQHandler
                0x08003860                RCC_IRQHandler
                0x08003860                TIM8_BRK_TIM12_IRQHandler
                0x08003860                Default_Handler
                0x08003860                EXTI15_10_IRQHandler
                0x08003860                ADC_IRQHandler
                0x08003860                DMA1_Stream7_IRQHandler
                0x08003860                TIM7_IRQHandler
                0x08003860                CAN2_TX_IRQHandler
                0x08003860                TIM5_IRQHandler
                0x08003860                DMA2_Stream7_IRQHandler
                0x08003860                I2C3_EV_IRQHandler
                0x08003860                EXTI9_5_IRQHandler
                0x08003860                RTC_WKUP_IRQHandler
                0x08003860                ETH_WKUP_IRQHandler
                0x08003860                SPI2_IRQHandler
                0x08003860                OTG_HS_EP1_IN_IRQHandler
                0x08003860                DMA1_Stream0_IRQHandler
                0x08003860                CAN1_TX_IRQHandler
                0x08003860                EXTI4_IRQHandler
                0x08003860                FSMC_IRQHandler
                0x08003860                ETH_IRQHandler
                0x08003860                OTG_HS_EP1_OUT_IRQHandler
                0x08003860                WWDG_IRQHandler
                0x08003860                TIM2_IRQHandler
                0x08003860                OTG_FS_WKUP_IRQHandler
                0x08003860                TIM1_TRG_COM_TIM11_IRQHandler
                0x08003860                OTG_HS_IRQHandler
                0x08003860                EXTI1_IRQHandler
                0x08003860                I2C2_ER_IRQHandler
                0x08003860                DMA2_Stream1_IRQHandler
                0x08003860                CAN1_SCE_IRQHandler
                0x08003860                FLASH_IRQHandler
                0x08003860                DMA2_Stream4_IRQHandler
                0x08003860                OTG_FS_IRQHandler
                0x08003860                SPI3_IRQHandler
                0x08003860                DMA1_Stream4_IRQHandler
                0x08003860                I2C1_ER_IRQHandler
                0x08003860                DMA2_Stream6_IRQHandler
                0x08003860                DMA1_Stream3_IRQHandler
 *fill*         0x08003862        0x2 
 .text.__libc_init_array
                0x08003864       0x48 c:/program files (x86)/atollic/truestudio for stm32 9.0.0/armtools/bin/../lib/gcc/arm-atollic-eabi/6.3.1/../../../../arm-atollic-eabi/lib/armv7e-m/fpu\libc_nano.a(lib_a-init.o)
                0x08003864                __libc_init_array
 .text.memset   0x080038ac       0x10 c:/program files (x86)/atollic/truestudio for stm32 9.0.0/armtools/bin/../lib/gcc/arm-atollic-eabi/6.3.1/../../../../arm-atollic-eabi/lib/armv7e-m/fpu\libc_nano.a(lib_a-memset.o)
                0x080038ac                memset
 *(.glue_7)
 .glue_7        0x080038bc        0x0 linker stubs
 *(.glue_7t)
 .glue_7t       0x080038bc        0x0 linker stubs
 *(.eh_frame)
 .eh_frame      0x080038bc        0x0 c:/program files (x86)/atollic/truestudio for stm32 9.0.0/armtools/bin/../lib/gcc/arm-atollic-eabi/6.3.1/armv7e-m/fpu/crtbegin.o
 *(.init)
 .init          0x080038bc        0x4 c:/program files (x86)/atollic/truestudio for stm32 9.0.0/armtools/bin/../lib/gcc/arm-atollic-eabi/6.3.1/armv7e-m/fpu/crti.o
                0x080038bc                _init
 .init          0x080038c0        0x8 c:/program files (x86)/atollic/truestudio for stm32 9.0.0/armtools/bin/../lib/gcc/arm-atollic-eabi/6.3.1/armv7e-m/fpu/crtn.o
 *(.fini)
 .fini          0x080038c8        0x4 c:/program files (x86)/atollic/truestudio for stm32 9.0.0/armtools/bin/../lib/gcc/arm-atollic-eabi/6.3.1/armv7e-m/fpu/crti.o
                0x080038c8                _fini
 .fini          0x080038cc        0x8 c:/program files (x86)/atollic/truestudio for stm32 9.0.0/armtools/bin/../lib/gcc/arm-atollic-eabi/6.3.1/armv7e-m/fpu/crtn.o
                0x080038d4                . = ALIGN (0x4)
                0x080038d4                _etext = .

.vfp11_veneer   0x080038d4        0x0
 .vfp11_veneer  0x080038d4        0x0 linker stubs

.v4_bx          0x080038d4        0x0
 .v4_bx         0x080038d4        0x0 linker stubs

.iplt           0x080038d4        0x0
 .iplt          0x080038d4        0x0 c:/program files (x86)/atollic/truestudio for stm32 9.0.0/armtools/bin/../lib/gcc/arm-atollic-eabi/6.3.1/armv7e-m/fpu/crtbegin.o

.rodata         0x080038d4       0x1c
                0x080038d4                . = ALIGN (0x4)
 *(.rodata)
 *(.rodata*)
 .rodata.main.str1.1
                0x080038d4        0x3 Src\main.o
 .rodata.AHBPrescTable
                0x080038d7       0x10 Src\system_stm32f4xx.o
                0x080038d7                AHBPrescTable
 .rodata.APBPrescTable
                0x080038e7        0x8 Src\system_stm32f4xx.o
                0x080038e7                APBPrescTable
                0x080038f0                . = ALIGN (0x4)
 *fill*         0x080038ef        0x1 

.ARM.extab
 *(.ARM.extab* .gnu.linkonce.armextab.*)

.ARM            0x080038f0        0x8
                0x080038f0                __exidx_start = .
 *(.ARM.exidx*)
 .ARM.exidx     0x080038f0        0x8 c:/program files (x86)/atollic/truestudio for stm32 9.0.0/armtools/bin/../lib/gcc/arm-atollic-eabi/6.3.1/armv7e-m/fpu\libgcc.a(_udivmoddi4.o)
                0x080038f8                __exidx_end = .

.rel.dyn        0x080038f8        0x0
 .rel.iplt      0x080038f8        0x0 c:/program files (x86)/atollic/truestudio for stm32 9.0.0/armtools/bin/../lib/gcc/arm-atollic-eabi/6.3.1/armv7e-m/fpu/crtbegin.o

.preinit_array  0x080038f8        0x0
                0x080038f8                PROVIDE (__preinit_array_start, .)
 *(.preinit_array*)
                0x080038f8                PROVIDE (__preinit_array_end, .)

.init_array     0x080038f8        0x4
                0x080038f8                PROVIDE (__init_array_start, .)
 *(SORT(.init_array.*))
 *(.init_array*)
 .init_array    0x080038f8        0x4 c:/program files (x86)/atollic/truestudio for stm32 9.0.0/armtools/bin/../lib/gcc/arm-atollic-eabi/6.3.1/armv7e-m/fpu/crtbegin.o
                0x080038fc                PROVIDE (__init_array_end, .)

.fini_array     0x080038fc        0x4
                [!provide]                PROVIDE (__fini_array_start, .)
 *(SORT(.fini_array.*))
 *(.fini_array*)
 .fini_array    0x080038fc        0x4 c:/program files (x86)/atollic/truestudio for stm32 9.0.0/armtools/bin/../lib/gcc/arm-atollic-eabi/6.3.1/armv7e-m/fpu/crtbegin.o
                [!provide]                PROVIDE (__fini_array_end, .)
                0x08003900                _sidata = LOADADDR (.data)

.data           0x20000000        0xc load address 0x08003900
                0x20000000                . = ALIGN (0x4)
                0x20000000                _sdata = .
 *(.data)
 *(.data*)
 .data.uwTickFreq
                0x20000000        0x1 Drivers\STM32F4xx_HAL_Driver\Src\stm32f4xx_hal.o
                0x20000000                uwTickFreq
 *fill*         0x20000001        0x3 
 .data.uwTickPrio
                0x20000004        0x4 Drivers\STM32F4xx_HAL_Driver\Src\stm32f4xx_hal.o
                0x20000004                uwTickPrio
 .data.SystemCoreClock
                0x20000008        0x4 Src\system_stm32f4xx.o
                0x20000008                SystemCoreClock
                0x2000000c                . = ALIGN (0x4)
                0x2000000c                _edata = .
                0x0800390c                _siccmram = LOADADDR (.ccmram)

.igot.plt       0x2000000c        0x0 load address 0x0800390c
 .igot.plt      0x2000000c        0x0 c:/program files (x86)/atollic/truestudio for stm32 9.0.0/armtools/bin/../lib/gcc/arm-atollic-eabi/6.3.1/armv7e-m/fpu/crtbegin.o

.ccmram         0x10000000        0x0 load address 0x0800390c
                0x10000000                . = ALIGN (0x4)
                0x10000000                _sccmram = .
 *(.ccmram)
 *(.ccmram*)
                0x10000000                . = ALIGN (0x4)
                0x10000000                _eccmram = .
                0x10000000                . = ALIGN (0x4)

.bss            0x2000000c      0xfb8
                0x2000000c                _sbss = .
                0x2000000c                __bss_start__ = _sbss
 *(.bss)
 .bss           0x2000000c       0x1c c:/program files (x86)/atollic/truestudio for stm32 9.0.0/armtools/bin/../lib/gcc/arm-atollic-eabi/6.3.1/armv7e-m/fpu/crtbegin.o
 *(.bss*)
 .bss.commFlag  0x20000028        0x4 Src\main.o
                0x20000028                commFlag
 .bss.pulse1    0x2000002c        0x4 Src\main.o
                0x2000002c                pulse1
 .bss.test      0x20000030        0x4 Src\modem.o
                0x20000030                test
 .bss.msgCntr   0x20000034        0x2 Src\msgParse.o
                0x20000034                msgCntr
 .bss.signCntr  0x20000036        0x2 Src\msgParse.o
                0x20000036                signCntr
 .bss.RxCount1  0x20000038        0x2 Src\stm32f4xx_it.o
                0x20000038                RxCount1
 .bss.RxCount2  0x2000003a        0x2 Src\stm32f4xx_it.o
                0x2000003a                RxCount2
 .bss.RxCount3  0x2000003c        0x2 Src\stm32f4xx_it.o
                0x2000003c                RxCount3
 .bss.RxCount4  0x2000003e        0x2 Src\stm32f4xx_it.o
                0x2000003e                RxCount4
 .bss.flag1     0x20000040        0x4 Src\stm32f4xx_it.o
                0x20000040                flag1
 .bss.flag2     0x20000044        0x4 Src\stm32f4xx_it.o
                0x20000044                flag2
 .bss.flag3     0x20000048        0x4 Src\stm32f4xx_it.o
                0x20000048                flag3
 .bss.flag4     0x2000004c        0x4 Src\stm32f4xx_it.o
                0x2000004c                flag4
 *(COMMON)
 COMMON         0x20000050        0x4 Drivers\STM32F4xx_HAL_Driver\Src\stm32f4xx_hal.o
                0x20000050                uwTick
 COMMON         0x20000054      0x204 Src\laser.o
                0x20000054                RecMsg4
                0x20000150                hcrc
                0x20000158                LaserPinState
                0x2000015c                pedestrain
                0x20000160                sideNo
                0x20000164                sideGreen
                0x20000168                Disp
                0x20000188                data
                0x20000250                powerStatus
                0x20000254                slaveNo
 COMMON         0x20000258      0x800 Src\main.o
                0x20000258                htim4
                0x20000298                TimingDelay3
                0x2000029c                huart3
                0x200002dc                hadc2
                0x20000324                htim10
                0x20000364                msgUnPrcd4
                0x20000368                htim5
                0x200003a8                htim3
                0x200003e8                TimingDelay
                0x200003ec                hadc1
                0x20000434                msgUnPrcd
                0x20000438                crcstring
                0x2000043c                aRxBuffer3
                0x20000520                htim13
                0x20000560                huart1
                0x200005a0                htim11
                0x200005e0                Data
                0x20000644                crcbits
                0x20000648                AdcVal
                0x2000068c                TimingDelay2
                0x20000690                TimingDelay5
                0x20000694                CRCValue
                0x20000698                msgUnPrcd3
                0x2000069c                aRxBuffer1
                0x20000780                huart6
                0x200007c0                aRxBuffer
                0x200008a4                msgUnPrcd1
                0x200008a8                aRxBuffer4
                0x2000098c                htim2
                0x200009cc                TimingDelay4
                0x200009d0                huart2
                0x20000a10                htim14
                0x20000a50                signVal
                0x20000a54                TimingDelay1
 COMMON         0x20000a58      0x11e Src\modem.o
                0x20000a58                data1
                0x20000a6c                state
                0x20000a70                cntVal
                0x20000a74                clearanceMode
                0x20000a78                noOfPlansNew
                0x20000a7c                planNo
                0x20000a7d                frame
                0x20000ae4                stringInt
                0x20000b48                serverMode
                0x20000b4c                first
                0x20000b5d                crcVal
                0x20000b62                signalData
 COMMON         0x20000b76      0x154 Src\msgParse.o
                0x20000b76                sign
                0x20000be9                string
 COMMON         0x20000cca      0x2ee Src\stm32f4xx_it.o
                0x20000cca                RecMsg2
                0x20000dc4                RecMsg3
                0x20000ebe                RecMsg1
 COMMON         0x20000fb8        0xc Src\utility.o
                0x20000fb8                adcVal2
                0x20000fb9                sideNo1
                0x20000fba                sideNo1N
                0x20000fbb                sideNo4
                0x20000fbc                sideNo2
                0x20000fbd                pinValue1
                0x20000fbe                sideNo3
                0x20000fbf                adcVal1
                0x20000fc0                sideNo2N
                0x20000fc1                sideNo3N
                0x20000fc2                sideNo4N
                0x20000fc3                pinValue
                0x20000fc4                . = ALIGN (0x4)
                0x20000fc4                _ebss = .
                0x20000fc4                __bss_end__ = _ebss

._user_heap_stack
                0x20000fc4      0x600
                0x20000fc4                . = ALIGN (0x4)
                0x20000fc4                PROVIDE (end, .)
                [!provide]                PROVIDE (_end, .)
                0x200011c4                . = (. + _Min_Heap_Size)
 *fill*         0x20000fc4      0x200 
                0x200015c4                . = (. + _Min_Stack_Size)
 *fill*         0x200011c4      0x400 
                0x200015c4                . = ALIGN (0x4)

/DISCARD/
 libc.a(*)
 libm.a(*)
 libgcc.a(*)

.ARM.attributes
                0x00000000       0x30
 *(.ARM.attributes)
 .ARM.attributes
                0x00000000       0x22 c:/program files (x86)/atollic/truestudio for stm32 9.0.0/armtools/bin/../lib/gcc/arm-atollic-eabi/6.3.1/armv7e-m/fpu/crti.o
 .ARM.attributes
                0x00000022       0x34 c:/program files (x86)/atollic/truestudio for stm32 9.0.0/armtools/bin/../lib/gcc/arm-atollic-eabi/6.3.1/armv7e-m/fpu/crtbegin.o
 .ARM.attributes
                0x00000056       0x39 Drivers\STM32F4xx_HAL_Driver\Src\stm32f4xx_hal.o
 .ARM.attributes
                0x0000008f       0x39 Drivers\STM32F4xx_HAL_Driver\Src\stm32f4xx_hal_adc.o
 .ARM.attributes
                0x000000c8       0x39 Drivers\STM32F4xx_HAL_Driver\Src\stm32f4xx_hal_cortex.o
 .ARM.attributes
                0x00000101       0x39 Drivers\STM32F4xx_HAL_Driver\Src\stm32f4xx_hal_crc.o
 .ARM.attributes
                0x0000013a       0x39 Drivers\STM32F4xx_HAL_Driver\Src\stm32f4xx_hal_dma.o
 .ARM.attributes
                0x00000173       0x39 Drivers\STM32F4xx_HAL_Driver\Src\stm32f4xx_hal_gpio.o
 .ARM.attributes
                0x000001ac       0x39 Drivers\STM32F4xx_HAL_Driver\Src\stm32f4xx_hal_rcc.o
 .ARM.attributes
                0x000001e5       0x39 Drivers\STM32F4xx_HAL_Driver\Src\stm32f4xx_hal_tim.o
 .ARM.attributes
                0x0000021e       0x39 Drivers\STM32F4xx_HAL_Driver\Src\stm32f4xx_hal_tim_ex.o
 .ARM.attributes
                0x00000257       0x39 Drivers\STM32F4xx_HAL_Driver\Src\stm32f4xx_hal_uart.o
 .ARM.attributes
                0x00000290       0x39 Src\laser.o
 .ARM.attributes
                0x000002c9       0x39 Src\main.o
 .ARM.attributes
                0x00000302       0x39 Src\modem.o
 .ARM.attributes
                0x0000033b       0x39 Src\msgParse.o
 .ARM.attributes
                0x00000374       0x39 Src\stm32f4xx_hal_msp.o
 .ARM.attributes
                0x000003ad       0x39 Src\stm32f4xx_it.o
 .ARM.attributes
                0x000003e6       0x39 Src\system_stm32f4xx.o
 .ARM.attributes
                0x0000041f       0x39 Src\utility.o
 .ARM.attributes
                0x00000458       0x21 startup\startup_stm32f407xx.o
 .ARM.attributes
                0x00000479       0x34 c:/program files (x86)/atollic/truestudio for stm32 9.0.0/armtools/bin/../lib/gcc/arm-atollic-eabi/6.3.1/../../../../arm-atollic-eabi/lib/armv7e-m/fpu\libc_nano.a(lib_a-init.o)
 .ARM.attributes
                0x000004ad       0x34 c:/program files (x86)/atollic/truestudio for stm32 9.0.0/armtools/bin/../lib/gcc/arm-atollic-eabi/6.3.1/../../../../arm-atollic-eabi/lib/armv7e-m/fpu\libc_nano.a(lib_a-memset.o)
 .ARM.attributes
                0x000004e1       0x22 c:/program files (x86)/atollic/truestudio for stm32 9.0.0/armtools/bin/../lib/gcc/arm-atollic-eabi/6.3.1/armv7e-m/fpu\libgcc.a(_aeabi_uldivmod.o)
 .ARM.attributes
                0x00000503       0x34 c:/program files (x86)/atollic/truestudio for stm32 9.0.0/armtools/bin/../lib/gcc/arm-atollic-eabi/6.3.1/armv7e-m/fpu\libgcc.a(_udivmoddi4.o)
 .ARM.attributes
                0x00000537       0x22 c:/program files (x86)/atollic/truestudio for stm32 9.0.0/armtools/bin/../lib/gcc/arm-atollic-eabi/6.3.1/armv7e-m/fpu\libgcc.a(_dvmd_tls.o)
 .ARM.attributes
                0x00000559       0x22 c:/program files (x86)/atollic/truestudio for stm32 9.0.0/armtools/bin/../lib/gcc/arm-atollic-eabi/6.3.1/armv7e-m/fpu/crtn.o
OUTPUT(CRC_PWM_F4_New1.elf elf32-littlearm)

.debug_info     0x00000000    0x12fec
 .debug_info    0x00000000      0x9ef Drivers\STM32F4xx_HAL_Driver\Src\stm32f4xx_hal.o
 .debug_info    0x000009ef      0xdb1 Drivers\STM32F4xx_HAL_Driver\Src\stm32f4xx_hal_adc.o
 .debug_info    0x000017a0      0xf39 Drivers\STM32F4xx_HAL_Driver\Src\stm32f4xx_hal_cortex.o
 .debug_info    0x000026d9      0x41e Drivers\STM32F4xx_HAL_Driver\Src\stm32f4xx_hal_crc.o
 .debug_info    0x00002af7      0xa4c Drivers\STM32F4xx_HAL_Driver\Src\stm32f4xx_hal_dma.o
 .debug_info    0x00003543      0x775 Drivers\STM32F4xx_HAL_Driver\Src\stm32f4xx_hal_gpio.o
 .debug_info    0x00003cb8      0xa57 Drivers\STM32F4xx_HAL_Driver\Src\stm32f4xx_hal_rcc.o
 .debug_info    0x0000470f     0x34cf Drivers\STM32F4xx_HAL_Driver\Src\stm32f4xx_hal_tim.o
 .debug_info    0x00007bde     0x12fe Drivers\STM32F4xx_HAL_Driver\Src\stm32f4xx_hal_tim_ex.o
 .debug_info    0x00008edc     0x16c9 Drivers\STM32F4xx_HAL_Driver\Src\stm32f4xx_hal_uart.o
 .debug_info    0x0000a5a5     0x123f Src\laser.o
 .debug_info    0x0000b7e4     0x26d9 Src\main.o
 .debug_info    0x0000debd     0x12c2 Src\modem.o
 .debug_info    0x0000f17f      0x21f Src\msgParse.o
 .debug_info    0x0000f39e     0x1786 Src\stm32f4xx_hal_msp.o
 .debug_info    0x00010b24      0x8f9 Src\stm32f4xx_it.o
 .debug_info    0x0001141d      0x50a Src\system_stm32f4xx.o
 .debug_info    0x00011927     0x161c Src\utility.o
 .debug_info    0x00012f43       0xa9 startup\startup_stm32f407xx.o

.debug_abbrev   0x00000000     0x2a9d
 .debug_abbrev  0x00000000      0x23d Drivers\STM32F4xx_HAL_Driver\Src\stm32f4xx_hal.o
 .debug_abbrev  0x0000023d      0x2bf Drivers\STM32F4xx_HAL_Driver\Src\stm32f4xx_hal_adc.o
 .debug_abbrev  0x000004fc      0x314 Drivers\STM32F4xx_HAL_Driver\Src\stm32f4xx_hal_cortex.o
 .debug_abbrev  0x00000810      0x1c3 Drivers\STM32F4xx_HAL_Driver\Src\stm32f4xx_hal_crc.o
 .debug_abbrev  0x000009d3      0x2e8 Drivers\STM32F4xx_HAL_Driver\Src\stm32f4xx_hal_dma.o
 .debug_abbrev  0x00000cbb      0x1ef Drivers\STM32F4xx_HAL_Driver\Src\stm32f4xx_hal_gpio.o
 .debug_abbrev  0x00000eaa      0x2cb Drivers\STM32F4xx_HAL_Driver\Src\stm32f4xx_hal_rcc.o
 .debug_abbrev  0x00001175      0x324 Drivers\STM32F4xx_HAL_Driver\Src\stm32f4xx_hal_tim.o
 .debug_abbrev  0x00001499      0x29c Drivers\STM32F4xx_HAL_Driver\Src\stm32f4xx_hal_tim_ex.o
 .debug_abbrev  0x00001735      0x2fb Drivers\STM32F4xx_HAL_Driver\Src\stm32f4xx_hal_uart.o
 .debug_abbrev  0x00001a30      0x253 Src\laser.o
 .debug_abbrev  0x00001c83      0x301 Src\main.o
 .debug_abbrev  0x00001f84      0x2b0 Src\modem.o
 .debug_abbrev  0x00002234      0x101 Src\msgParse.o
 .debug_abbrev  0x00002335      0x260 Src\stm32f4xx_hal_msp.o
 .debug_abbrev  0x00002595      0x1e6 Src\stm32f4xx_it.o
 .debug_abbrev  0x0000277b      0x10e Src\system_stm32f4xx.o
 .debug_abbrev  0x00002889      0x202 Src\utility.o
 .debug_abbrev  0x00002a8b       0x12 startup\startup_stm32f407xx.o

.debug_loc      0x00000000     0x76eb
 .debug_loc     0x00000000      0x11b Drivers\STM32F4xx_HAL_Driver\Src\stm32f4xx_hal.o
 .debug_loc     0x0000011b      0x7aa Drivers\STM32F4xx_HAL_Driver\Src\stm32f4xx_hal_adc.o
 .debug_loc     0x000008c5      0x4fb Drivers\STM32F4xx_HAL_Driver\Src\stm32f4xx_hal_cortex.o
 .debug_loc     0x00000dc0      0x1d5 Drivers\STM32F4xx_HAL_Driver\Src\stm32f4xx_hal_crc.o
 .debug_loc     0x00000f95      0x727 Drivers\STM32F4xx_HAL_Driver\Src\stm32f4xx_hal_dma.o
 .debug_loc     0x000016bc      0x36d Drivers\STM32F4xx_HAL_Driver\Src\stm32f4xx_hal_gpio.o
 .debug_loc     0x00001a29      0x336 Drivers\STM32F4xx_HAL_Driver\Src\stm32f4xx_hal_rcc.o
 .debug_loc     0x00001d5f     0x3009 Drivers\STM32F4xx_HAL_Driver\Src\stm32f4xx_hal_tim.o
 .debug_loc     0x00004d68      0xa7c Drivers\STM32F4xx_HAL_Driver\Src\stm32f4xx_hal_tim_ex.o
 .debug_loc     0x000057e4     0x1335 Drivers\STM32F4xx_HAL_Driver\Src\stm32f4xx_hal_uart.o
 .debug_loc     0x00006b19      0x1c8 Src\laser.o
 .debug_loc     0x00006ce1       0x8f Src\main.o
 .debug_loc     0x00006d70      0x5ca Src\modem.o
 .debug_loc     0x0000733a       0xfd Src\msgParse.o
 .debug_loc     0x00007437      0x156 Src\stm32f4xx_hal_msp.o
 .debug_loc     0x0000758d      0x11c Src\system_stm32f4xx.o
 .debug_loc     0x000076a9       0x42 Src\utility.o

.debug_aranges  0x00000000      0xd00
 .debug_aranges
                0x00000000       0xe8 Drivers\STM32F4xx_HAL_Driver\Src\stm32f4xx_hal.o
 .debug_aranges
                0x000000e8       0xb8 Drivers\STM32F4xx_HAL_Driver\Src\stm32f4xx_hal_adc.o
 .debug_aranges
                0x000001a0       0xa8 Drivers\STM32F4xx_HAL_Driver\Src\stm32f4xx_hal_cortex.o
 .debug_aranges
                0x00000248       0x48 Drivers\STM32F4xx_HAL_Driver\Src\stm32f4xx_hal_crc.o
 .debug_aranges
                0x00000290       0x80 Drivers\STM32F4xx_HAL_Driver\Src\stm32f4xx_hal_dma.o
 .debug_aranges
                0x00000310       0x58 Drivers\STM32F4xx_HAL_Driver\Src\stm32f4xx_hal_gpio.o
 .debug_aranges
                0x00000368       0x88 Drivers\STM32F4xx_HAL_Driver\Src\stm32f4xx_hal_rcc.o
 .debug_aranges
                0x000003f0      0x278 Drivers\STM32F4xx_HAL_Driver\Src\stm32f4xx_hal_tim.o
 .debug_aranges
                0x00000668       0xf8 Drivers\STM32F4xx_HAL_Driver\Src\stm32f4xx_hal_tim_ex.o
 .debug_aranges
                0x00000760      0x170 Drivers\STM32F4xx_HAL_Driver\Src\stm32f4xx_hal_uart.o
 .debug_aranges
                0x000008d0       0xa8 Src\laser.o
 .debug_aranges
                0x00000978       0x78 Src\main.o
 .debug_aranges
                0x000009f0      0x178 Src\modem.o
 .debug_aranges
                0x00000b68       0x28 Src\msgParse.o
 .debug_aranges
                0x00000b90       0x78 Src\stm32f4xx_hal_msp.o
 .debug_aranges
                0x00000c08       0x68 Src\stm32f4xx_it.o
 .debug_aranges
                0x00000c70       0x28 Src\system_stm32f4xx.o
 .debug_aranges
                0x00000c98       0x40 Src\utility.o
 .debug_aranges
                0x00000cd8       0x28 startup\startup_stm32f407xx.o

.debug_ranges   0x00000000      0xf60
 .debug_ranges  0x00000000       0xd8 Drivers\STM32F4xx_HAL_Driver\Src\stm32f4xx_hal.o
 .debug_ranges  0x000000d8       0xc8 Drivers\STM32F4xx_HAL_Driver\Src\stm32f4xx_hal_adc.o
 .debug_ranges  0x000001a0      0x128 Drivers\STM32F4xx_HAL_Driver\Src\stm32f4xx_hal_cortex.o
 .debug_ranges  0x000002c8       0x38 Drivers\STM32F4xx_HAL_Driver\Src\stm32f4xx_hal_crc.o
 .debug_ranges  0x00000300       0xc8 Drivers\STM32F4xx_HAL_Driver\Src\stm32f4xx_hal_dma.o
 .debug_ranges  0x000003c8       0x68 Drivers\STM32F4xx_HAL_Driver\Src\stm32f4xx_hal_gpio.o
 .debug_ranges  0x00000430       0xb0 Drivers\STM32F4xx_HAL_Driver\Src\stm32f4xx_hal_rcc.o
 .debug_ranges  0x000004e0      0x340 Drivers\STM32F4xx_HAL_Driver\Src\stm32f4xx_hal_tim.o
 .debug_ranges  0x00000820       0xe8 Drivers\STM32F4xx_HAL_Driver\Src\stm32f4xx_hal_tim_ex.o
 .debug_ranges  0x00000908      0x178 Drivers\STM32F4xx_HAL_Driver\Src\stm32f4xx_hal_uart.o
 .debug_ranges  0x00000a80       0xe0 Src\laser.o
 .debug_ranges  0x00000b60       0xf8 Src\main.o
 .debug_ranges  0x00000c58      0x168 Src\modem.o
 .debug_ranges  0x00000dc0       0x18 Src\msgParse.o
 .debug_ranges  0x00000dd8       0xc8 Src\stm32f4xx_hal_msp.o
 .debug_ranges  0x00000ea0       0x58 Src\stm32f4xx_it.o
 .debug_ranges  0x00000ef8       0x18 Src\system_stm32f4xx.o
 .debug_ranges  0x00000f10       0x30 Src\utility.o
 .debug_ranges  0x00000f40       0x20 startup\startup_stm32f407xx.o

.debug_line     0x00000000     0x6840
 .debug_line    0x00000000      0x41b Drivers\STM32F4xx_HAL_Driver\Src\stm32f4xx_hal.o
 .debug_line    0x0000041b      0x71c Drivers\STM32F4xx_HAL_Driver\Src\stm32f4xx_hal_adc.o
 .debug_line    0x00000b37      0x456 Drivers\STM32F4xx_HAL_Driver\Src\stm32f4xx_hal_cortex.o
 .debug_line    0x00000f8d      0x2b3 Drivers\STM32F4xx_HAL_Driver\Src\stm32f4xx_hal_crc.o
 .debug_line    0x00001240      0x56f Drivers\STM32F4xx_HAL_Driver\Src\stm32f4xx_hal_dma.o
 .debug_line    0x000017af      0x3e4 Drivers\STM32F4xx_HAL_Driver\Src\stm32f4xx_hal_gpio.o
 .debug_line    0x00001b93      0x4f4 Drivers\STM32F4xx_HAL_Driver\Src\stm32f4xx_hal_rcc.o
 .debug_line    0x00002087     0x1183 Drivers\STM32F4xx_HAL_Driver\Src\stm32f4xx_hal_tim.o
 .debug_line    0x0000320a      0x67d Drivers\STM32F4xx_HAL_Driver\Src\stm32f4xx_hal_tim_ex.o
 .debug_line    0x00003887      0xb76 Drivers\STM32F4xx_HAL_Driver\Src\stm32f4xx_hal_uart.o
 .debug_line    0x000043fd      0x61c Src\laser.o
 .debug_line    0x00004a19      0x5fb Src\main.o
 .debug_line    0x00005014      0x84d Src\modem.o
 .debug_line    0x00005861      0x1d8 Src\msgParse.o
 .debug_line    0x00005a39      0x481 Src\stm32f4xx_hal_msp.o
 .debug_line    0x00005eba      0x31e Src\stm32f4xx_it.o
 .debug_line    0x000061d8      0x1de Src\system_stm32f4xx.o
 .debug_line    0x000063b6      0x40b Src\utility.o
 .debug_line    0x000067c1       0x7f startup\startup_stm32f407xx.o

.debug_str      0x00000000     0x4783
 .debug_str     0x00000000      0xb7d Drivers\STM32F4xx_HAL_Driver\Src\stm32f4xx_hal.o
                                0xbe6 (size before relaxing)
 .debug_str     0x00000b7d      0x6d2 Drivers\STM32F4xx_HAL_Driver\Src\stm32f4xx_hal_adc.o
                                0x9da (size before relaxing)
 .debug_str     0x0000124f      0x4a1 Drivers\STM32F4xx_HAL_Driver\Src\stm32f4xx_hal_cortex.o
                                0xcb1 (size before relaxing)
 .debug_str     0x000016f0      0x161 Drivers\STM32F4xx_HAL_Driver\Src\stm32f4xx_hal_crc.o
                                0x43a (size before relaxing)
 .debug_str     0x00001851      0x2f5 Drivers\STM32F4xx_HAL_Driver\Src\stm32f4xx_hal_dma.o
                                0x7fd (size before relaxing)
 .debug_str     0x00001b46      0x1ce Drivers\STM32F4xx_HAL_Driver\Src\stm32f4xx_hal_gpio.o
                                0x577 (size before relaxing)
 .debug_str     0x00001d14      0x2e9 Drivers\STM32F4xx_HAL_Driver\Src\stm32f4xx_hal_rcc.o
                                0x74a (size before relaxing)
 .debug_str     0x00001ffd      0xfd9 Drivers\STM32F4xx_HAL_Driver\Src\stm32f4xx_hal_tim.o
                               0x1554 (size before relaxing)
 .debug_str     0x00002fd6      0x548 Drivers\STM32F4xx_HAL_Driver\Src\stm32f4xx_hal_tim_ex.o
                                0xd6c (size before relaxing)
 .debug_str     0x0000351e      0x6d3 Drivers\STM32F4xx_HAL_Driver\Src\stm32f4xx_hal_uart.o
                                0xc9f (size before relaxing)
 .debug_str     0x00003bf1      0x299 Src\laser.o
                                0xa48 (size before relaxing)
 .debug_str     0x00003e8a      0x36b Src\main.o
                               0x13d5 (size before relaxing)
 .debug_str     0x000041f5      0x36c Src\modem.o
                                0xb01 (size before relaxing)
 .debug_str     0x00004561       0x61 Src\msgParse.o
                                0x2b0 (size before relaxing)
 .debug_str     0x000045c2       0x2e Src\stm32f4xx_hal_msp.o
                               0x1211 (size before relaxing)
 .debug_str     0x000045f0      0x12a Src\stm32f4xx_it.o
                                0x8c6 (size before relaxing)
 .debug_str     0x0000471a       0x45 Src\system_stm32f4xx.o
                                0x3db (size before relaxing)
 .debug_str     0x0000475f       0x24 Src\utility.o
                                0x7ab (size before relaxing)

.comment        0x00000000       0x7c
 .comment       0x00000000       0x7c Drivers\STM32F4xx_HAL_Driver\Src\stm32f4xx_hal.o
                                 0x7d (size before relaxing)
 .comment       0x0000007c       0x7d Drivers\STM32F4xx_HAL_Driver\Src\stm32f4xx_hal_adc.o
 .comment       0x0000007c       0x7d Drivers\STM32F4xx_HAL_Driver\Src\stm32f4xx_hal_cortex.o
 .comment       0x0000007c       0x7d Drivers\STM32F4xx_HAL_Driver\Src\stm32f4xx_hal_crc.o
 .comment       0x0000007c       0x7d Drivers\STM32F4xx_HAL_Driver\Src\stm32f4xx_hal_dma.o
 .comment       0x0000007c       0x7d Drivers\STM32F4xx_HAL_Driver\Src\stm32f4xx_hal_gpio.o
 .comment       0x0000007c       0x7d Drivers\STM32F4xx_HAL_Driver\Src\stm32f4xx_hal_rcc.o
 .comment       0x0000007c       0x7d Drivers\STM32F4xx_HAL_Driver\Src\stm32f4xx_hal_tim.o
 .comment       0x0000007c       0x7d Drivers\STM32F4xx_HAL_Driver\Src\stm32f4xx_hal_tim_ex.o
 .comment       0x0000007c       0x7d Drivers\STM32F4xx_HAL_Driver\Src\stm32f4xx_hal_uart.o
 .comment       0x0000007c       0x7d Src\laser.o
 .comment       0x0000007c       0x7d Src\main.o
 .comment       0x0000007c       0x7d Src\modem.o
 .comment       0x0000007c       0x7d Src\msgParse.o
 .comment       0x0000007c       0x7d Src\stm32f4xx_hal_msp.o
 .comment       0x0000007c       0x7d Src\stm32f4xx_it.o
 .comment       0x0000007c       0x7d Src\system_stm32f4xx.o
 .comment       0x0000007c       0x7d Src\utility.o

.debug_frame    0x00000000     0x2610
 .debug_frame   0x00000000      0x1f0 Drivers\STM32F4xx_HAL_Driver\Src\stm32f4xx_hal.o
 .debug_frame   0x000001f0      0x248 Drivers\STM32F4xx_HAL_Driver\Src\stm32f4xx_hal_adc.o
 .debug_frame   0x00000438      0x158 Drivers\STM32F4xx_HAL_Driver\Src\stm32f4xx_hal_cortex.o
 .debug_frame   0x00000590       0xa4 Drivers\STM32F4xx_HAL_Driver\Src\stm32f4xx_hal_crc.o
 .debug_frame   0x00000634      0x150 Drivers\STM32F4xx_HAL_Driver\Src\stm32f4xx_hal_dma.o
 .debug_frame   0x00000784       0xd8 Drivers\STM32F4xx_HAL_Driver\Src\stm32f4xx_hal_gpio.o
 .debug_frame   0x0000085c      0x13c Drivers\STM32F4xx_HAL_Driver\Src\stm32f4xx_hal_rcc.o
 .debug_frame   0x00000998      0x928 Drivers\STM32F4xx_HAL_Driver\Src\stm32f4xx_hal_tim.o
 .debug_frame   0x000012c0      0x360 Drivers\STM32F4xx_HAL_Driver\Src\stm32f4xx_hal_tim_ex.o
 .debug_frame   0x00001620      0x4a0 Drivers\STM32F4xx_HAL_Driver\Src\stm32f4xx_hal_uart.o
 .debug_frame   0x00001ac0      0x1ec Src\laser.o
 .debug_frame   0x00001cac      0x130 Src\main.o
 .debug_frame   0x00001ddc      0x428 Src\modem.o
 .debug_frame   0x00002204       0x40 Src\msgParse.o
 .debug_frame   0x00002244      0x140 Src\stm32f4xx_hal_msp.o
 .debug_frame   0x00002384      0x108 Src\stm32f4xx_it.o
 .debug_frame   0x0000248c       0x38 Src\system_stm32f4xx.o
 .debug_frame   0x000024c4       0xa0 Src\utility.o
 .debug_frame   0x00002564       0x2c c:/program files (x86)/atollic/truestudio for stm32 9.0.0/armtools/bin/../lib/gcc/arm-atollic-eabi/6.3.1/../../../../arm-atollic-eabi/lib/armv7e-m/fpu\libc_nano.a(lib_a-init.o)
 .debug_frame   0x00002590       0x20 c:/program files (x86)/atollic/truestudio for stm32 9.0.0/armtools/bin/../lib/gcc/arm-atollic-eabi/6.3.1/../../../../arm-atollic-eabi/lib/armv7e-m/fpu\libc_nano.a(lib_a-memset.o)
 .debug_frame   0x000025b0       0x2c c:/program files (x86)/atollic/truestudio for stm32 9.0.0/armtools/bin/../lib/gcc/arm-atollic-eabi/6.3.1/armv7e-m/fpu\libgcc.a(_aeabi_uldivmod.o)
 .debug_frame   0x000025dc       0x34 c:/program files (x86)/atollic/truestudio for stm32 9.0.0/armtools/bin/../lib/gcc/arm-atollic-eabi/6.3.1/armv7e-m/fpu\libgcc.a(_udivmoddi4.o)
