laser.c:342:6:clearingDispBuffer	0	static
laser.c:841:6:transferRecValues	8	static
laser.c:862:6:transferRecValuesToData	8	static
laser.c:894:6:transferRecValuesToDataRecMsg2	8	static
laser.c:928:6:transferRec1ValuesToData	8	static
laser.c:1125:6:transferingRecMsg2ToaRxBuffer	0	static
laser.c:1136:6:clearingRecBuffer	0	static
laser.c:1146:6:clearingDataBuffer	0	static
laser.c:1156:6:clearingStringIntBuffer	0	static
laser.c:1166:6:transferToaRxBuffer	0	static
laser.c:1180:6:clearingFrameBuffer	0	static
laser.c:185:6:function66	16	static
laser.c:352:6:function11	16	static
laser.c:510:6:function10	32	static
laser.c:686:6:function6	24	static
laser.c:102:6:laserM	16	static
laser.c:955:7:function6_A	24	static
laser.c:1191:6:slaveSelection	8	static
