modem.c:97:6:clearBuffer	0	static
modem.c:107:6:clearaRxBuffer	0	static
modem.c:116:6:clearBuffer1	0	static
modem.c:126:6:clearaRxBuffer1	0	static
modem.c:134:6:clearBuffer3	0	static
modem.c:144:6:clearaRxBuffer3	0	static
modem.c:153:6:clearBuffer4	0	static
modem.c:163:6:clearaRxBuffer4	0	static
modem.c:172:6:clearBuffer5	0	static
modem.c:182:6:clearaRxBuffer5	0	static
modem.c:191:6:transmit	16	static
modem.c:361:5:crcApi	8	static
modem.c:216:6:function7_1	8	static
modem.c:247:6:function7_2	24	static
modem.c:294:6:function3_1	8	static
modem.c:327:6:function3_2	8	static
modem.c:380:5:crcApiResponse	8	static
modem.c:398:9:transferDataValues	12	static
modem.c:433:9:function6_2	8	static
modem.c:478:9:function6_1	8	static
modem.c:525:6:sendToUsart1	0	static
modem.c:744:6:function8	8	static
modem.c:770:6:function1	8	static
modem.c:806:5:function4	8	static
modem.c:836:6:function4Response	4	static
modem.c:892:6:checkClearenceMode	8	static
modem.c:919:6:checkMode	8	static
modem.c:932:6:function1Response	4	static
modem.c:1006:5:crcApi2	8	static
modem.c:1022:6:program3	0	static
modem.c:1035:6:byteToIntegerVal	12	static
modem.c:1050:6:intToByte	0	static
modem.c:1067:6:byteToIntegerVal1	8	static
modem.c:1077:6:intToString	32	static
modem.c:1100:6:clearStringBuffer	0	static
modem.c:1108:6:intToChar	20	static
modem.c:1176:6:clearSecondBuffer	0	static
modem.c:1204:6:clearFirstBuffer	0	static
modem.c:1212:6:clearData1Buffer	0	static
modem.c:1185:6:trafficDisplay2Value	16	static
modem.c:1238:6:intToChar1	20	static
modem.c:1221:6:trafficDisplay1Value	16	static
modem.c:1306:6:checkMsgLengthForUart4	16	static
modem.c:1316:6:checkMsgLengthForUart2	16	static
