stm32f4xx_hal_msp.c:66:6:HAL_MspInit	8	static
stm32f4xx_hal_msp.c:88:6:HAL_ADC_MspInit	48	static
stm32f4xx_hal_msp.c:142:6:HAL_ADC_MspDeInit	0	static
stm32f4xx_hal_msp.c:187:6:HAL_CRC_MspInit	8	static
stm32f4xx_hal_msp.c:209:6:HAL_CRC_MspDeInit	0	static
stm32f4xx_hal_msp.c:231:6:HAL_TIM_PWM_MspInit	16	static
stm32f4xx_hal_msp.c:286:6:HAL_TIM_Base_MspInit	16	static
stm32f4xx_hal_msp.c:335:6:HAL_TIM_MspPostInit	56	static
stm32f4xx_hal_msp.c:492:6:HAL_TIM_PWM_MspDeInit	0	static
stm32f4xx_hal_msp.c:547:6:HAL_TIM_Base_MspDeInit	0	static
stm32f4xx_hal_msp.c:602:6:HAL_UART_MspInit	80	static
stm32f4xx_hal_msp.c:730:6:HAL_UART_MspDeInit	8	static
