stm32f4xx_hal_msp.c:66:6:HAL_MspInit	8	static
stm32f4xx_hal_msp.c:88:6:HAL_ADC_MspInit	48	static
stm32f4xx_hal_msp.c:142:6:HAL_ADC_MspDeInit	0	static
stm32f4xx_hal_msp.c:187:6:HAL_CRC_MspInit	8	static
stm32f4xx_hal_msp.c:209:6:HAL_CRC_MspDeInit	0	static
stm32f4xx_hal_msp.c:231:6:HAL_TIM_PWM_MspInit	8	static
stm32f4xx_hal_msp.c:253:6:HAL_TIM_OnePulse_MspInit	8	static
stm32f4xx_hal_msp.c:275:6:HAL_TIM_Base_MspInit	16	static
stm32f4xx_hal_msp.c:324:6:HAL_TIM_MspPostInit	32	static
stm32f4xx_hal_msp.c:356:6:HAL_TIM_PWM_MspDeInit	0	static
stm32f4xx_hal_msp.c:378:6:HAL_TIM_OnePulse_MspDeInit	0	static
stm32f4xx_hal_msp.c:400:6:HAL_TIM_Base_MspDeInit	0	static
stm32f4xx_hal_msp.c:455:6:HAL_UART_MspInit	80	static
stm32f4xx_hal_msp.c:583:6:HAL_UART_MspDeInit	8	static
