stm32f4xx_it.c:110:6:NMI_Handler	0	static
stm32f4xx_it.c:123:6:HardFault_Handler	0	static
stm32f4xx_it.c:138:6:MemManage_Handler	0	static
stm32f4xx_it.c:153:6:BusFault_Handler	0	static
stm32f4xx_it.c:168:6:UsageFault_Handler	0	static
stm32f4xx_it.c:183:6:SVC_Handler	0	static
stm32f4xx_it.c:196:6:DebugMon_Handler	0	static
stm32f4xx_it.c:209:6:PendSV_Handler	0	static
stm32f4xx_it.c:222:6:SysTick_Handler	8	static
stm32f4xx_it.c:337:6:USART1_IRQHandler	8	static
stm32f4xx_it.c:371:6:USART2_IRQHandler	8	static
stm32f4xx_it.c:405:6:USART3_IRQHandler	8	static
stm32f4xx_it.c:439:6:USART6_IRQHandler	8	static
