stm32f4xx_it.c:105:6:NMI_Handler	0	static
stm32f4xx_it.c:118:6:HardFault_Handler	0	static
stm32f4xx_it.c:133:6:MemManage_Handler	0	static
stm32f4xx_it.c:148:6:BusFault_Handler	0	static
stm32f4xx_it.c:163:6:UsageFault_Handler	0	static
stm32f4xx_it.c:178:6:SVC_Handler	0	static
stm32f4xx_it.c:191:6:DebugMon_Handler	0	static
stm32f4xx_it.c:204:6:PendSV_Handler	0	static
stm32f4xx_it.c:217:6:SysTick_Handler	8	static
stm32f4xx_it.c:332:6:USART1_IRQHandler	8	static
stm32f4xx_it.c:366:6:USART2_IRQHandler	8	static
stm32f4xx_it.c:400:6:USART3_IRQHandler	8	static
stm32f4xx_it.c:434:6:USART6_IRQHandler	8	static
